{
  "status": "failed",
  "message": "Empty Request"
}
