{
  "status": "failed",
  "message": "Bad Request, location or address not included"
}
